// Jest Snapshot v1, https://goo.gl/fbAQLP

exports[`should render countries page 1`] = `ReactWrapper {}`;
